{"parameters": [], "data": [{"orderDefinitionExternalId": "DAILY_READING", "orders": [{"orderStartDate": "2020-02-25", "orderEndDate": "2020-02-25", "orderFromDate": "2020-02-25", "orderType": "Reading", "subOrderType": "Daily reading"}, {"orderStartDate": "2020-02-26", "orderEndDate": "2020-02-26", "orderFromDate": "2020-02-26", "orderType": "Reading", "subOrderType": "Daily reading"}, {"orderStartDate": "2020-02-27", "orderEndDate": "2020-02-27", "orderFromDate": "2020-02-27", "orderType": "Reading", "subOrderType": "Daily reading"}, {"orderStartDate": "2020-02-28", "orderEndDate": "2020-02-28", "orderFromDate": "2020-02-28", "orderType": "Reading", "subOrderType": "Daily reading"}, {"orderStartDate": "2020-02-29", "orderEndDate": "2020-02-29", "orderFromDate": "2020-02-29", "orderType": "Reading", "subOrderType": "Daily reading"}, {"orderStartDate": "2020-03-01", "orderEndDate": "2020-03-01", "orderFromDate": "2020-03-01", "orderType": "Reading", "subOrderType": "Daily reading"}]}]}