{"parameters": [], "data": [{"orderDefinitionExternalId": "READING_PERIODIC_SMR", "orders": [{"orderStartDate": "2019-01-01", "orderEndDate": "2019-01-15", "orderFromDate": "2019-01-01", "orderType": "Reading", "subOrderType": "Periodic meter reading"}, {"orderStartDate": "2019-02-01", "orderEndDate": "2019-02-15", "orderFromDate": "2019-02-01", "orderType": "Reading", "subOrderType": "Periodic meter reading"}, {"orderStartDate": "2019-03-01", "orderEndDate": "2019-03-15", "orderFromDate": "2019-03-01", "orderType": "Reading", "subOrderType": "Periodic meter reading"}, {"orderStartDate": "2019-04-01", "orderEndDate": "2019-04-15", "orderFromDate": "2019-04-01", "orderType": "Reading", "subOrderType": "Periodic meter reading"}, {"orderStartDate": "2019-05-01", "orderEndDate": "2019-05-15", "orderFromDate": "2019-05-01", "orderType": "Reading", "subOrderType": "Periodic meter reading"}, {"orderStartDate": "2019-06-01", "orderEndDate": "2019-06-15", "orderFromDate": "2019-06-01", "orderType": "Reading", "subOrderType": "Periodic meter reading"}, {"orderStartDate": "2019-07-01", "orderEndDate": "2019-07-15", "orderFromDate": "2019-07-01", "orderType": "Reading", "subOrderType": "Periodic meter reading"}, {"orderStartDate": "2019-08-01", "orderEndDate": "2019-08-15", "orderFromDate": "2019-08-01", "orderType": "Reading", "subOrderType": "Periodic meter reading"}, {"orderStartDate": "2019-09-01", "orderEndDate": "2019-09-15", "orderFromDate": "2019-09-01", "orderType": "Reading", "subOrderType": "Periodic meter reading"}, {"orderStartDate": "2019-10-01", "orderEndDate": "2019-10-15", "orderFromDate": "2019-10-01", "orderType": "Reading", "subOrderType": "Periodic meter reading"}, {"orderStartDate": "2019-11-01", "orderEndDate": "2019-11-15", "orderFromDate": "2019-11-01", "orderType": "Reading", "subOrderType": "Periodic meter reading"}, {"orderStartDate": "2019-12-01", "orderEndDate": "2019-12-15", "orderFromDate": "2019-12-01", "orderType": "Reading", "subOrderType": "Periodic meter reading"}, {"orderStartDate": "2020-01-01", "orderEndDate": "2020-01-15", "orderFromDate": "2020-01-01", "orderType": "Reading", "subOrderType": "Periodic meter reading"}, {"orderStartDate": "2020-02-01", "orderEndDate": "2020-02-15", "orderFromDate": "2020-02-01", "orderType": "Reading", "subOrderType": "Periodic meter reading"}, {"orderStartDate": "2020-03-01", "orderEndDate": "2020-03-15", "orderFromDate": "2020-03-01", "orderType": "Reading", "subOrderType": "Periodic meter reading"}, {"orderStartDate": "2020-04-01", "orderEndDate": "2020-04-15", "orderFromDate": "2020-04-01", "orderType": "Reading", "subOrderType": "Periodic meter reading"}, {"orderStartDate": "2020-05-01", "orderEndDate": "2020-05-15", "orderFromDate": "2020-05-01", "orderType": "Reading", "subOrderType": "Periodic meter reading"}, {"orderStartDate": "2020-06-01", "orderEndDate": "2020-06-15", "orderFromDate": "2020-06-01", "orderType": "Reading", "subOrderType": "Periodic meter reading"}, {"orderStartDate": "2020-07-01", "orderEndDate": "2020-07-15", "orderFromDate": "2020-07-01", "orderType": "Reading", "subOrderType": "Periodic meter reading"}, {"orderStartDate": "2020-08-01", "orderEndDate": "2020-08-15", "orderFromDate": "2020-08-01", "orderType": "Reading", "subOrderType": "Periodic meter reading"}, {"orderStartDate": "2020-09-01", "orderEndDate": "2020-09-15", "orderFromDate": "2020-09-01", "orderType": "Reading", "subOrderType": "Periodic meter reading"}, {"orderStartDate": "2020-10-01", "orderEndDate": "2020-10-15", "orderFromDate": "2020-10-01", "orderType": "Reading", "subOrderType": "Periodic meter reading"}, {"orderStartDate": "2020-11-01", "orderEndDate": "2020-11-15", "orderFromDate": "2020-11-01", "orderType": "Reading", "subOrderType": "Periodic meter reading"}, {"orderStartDate": "2020-12-01", "orderEndDate": "2020-12-15", "orderFromDate": "2020-12-01", "orderType": "Reading", "subOrderType": "Periodic meter reading"}]}]}