{"parameters": [], "data": [{"orderDefinitionExternalId": "READING_PERIODIC_MMR", "orders": [{"orderStartDate": "2019-01-01", "orderEndDate": "2019-01-15", "orderFromDate": "2019-01-01", "orderType": "Reading", "subOrderType": "Periodic meter reading"}, {"orderStartDate": "2020-01-01", "orderEndDate": "2020-01-15", "orderFromDate": "2020-01-01", "orderType": "Reading", "subOrderType": "Periodic meter reading"}, {"orderStartDate": "2021-01-01", "orderEndDate": "2021-01-15", "orderFromDate": "2021-01-01", "orderType": "Reading", "subOrderType": "Periodic meter reading"}]}]}